// Jest Snapshot v1, https://goo.gl/fbAQLP

exports[`<FilterBar /> renders without crashing 1`] = `
<styled.div
  className="app-filter"
>
  <div
    className="column search-panel"
  >
    <Connect(SearchInput) />
  </div>
  <div
    className="column date-panel"
  >
    <Connect(DateSelector) />
  </div>
</styled.div>
`;
